---
source: src/test/parser.rs
description: With Files
---
# With Files

- [readme.txt](/readme.txt)
- [subdir](/subdir)
    - [nested.md](/subdir/nested.md)
    - [with space in subdir.txt](/subdir/with%20space%20in%20subdir.txt)
- [test1.md](/test1.md)
- [test2.html](/test2.html)
- [with space.txt](/with%20space.txt)
